// Vitest Snapshot v1, https://vitest.dev/guide/snapshot.html

exports[`timeline itams > resets timeline item activities 1`] = `
[
  {
    "activityId": null,
    "activitySeconds": 0,
    "hour": 1,
    "isActive": false,
  },
  {
    "activityId": null,
    "activitySeconds": 3600,
    "hour": 2,
    "isActive": false,
  },
  {
    "activityId": "2",
    "activitySeconds": 3600,
    "hour": 3,
    "isActive": true,
  },
]
`;
